Component: Arm Compiler for Embedded 6.22 Tool: armlink [5ee90200]

==============================================================================

Section Cross References

    main.o(.ARM.exidx.text.UART0_Init) refers to main.o(.text.UART0_Init) for [Anonymous Symbol]
    main.o(.text.DMA_Init) refers to main.o(.bss.dmaTable) for dmaTable
    main.o(.text.DMA_Init) refers to main.o(.bss.rxBuffer) for rxBuffer
    main.o(.text.DMA_Init) refers to main.o(.data.txBuffer) for txBuffer
    main.o(.ARM.exidx.text.DMA_Init) refers to main.o(.text.DMA_Init) for [Anonymous Symbol]
    main.o(.ARM.exidx.text.Start_UART_DMA_Transfer) refers to main.o(.text.Start_UART_DMA_Transfer) for [Anonymous Symbol]
    main.o(.text.main) refers to main.o(.text.UART0_Init) for UART0_Init
    main.o(.text.main) refers to main.o(.text.DMA_Init) for DMA_Init
    main.o(.text.main) refers to main.o(.text.Start_UART_DMA_Transfer) for Start_UART_DMA_Transfer
    main.o(.ARM.exidx.text.main) refers to main.o(.text.main) for [Anonymous Symbol]
    dma_uart.o(.text.imageFileInfo) refers to dma_uart.o(.text.crc32_8bit) for crc32_8bit
    dma_uart.o(.text.imageFileInfo) refers to dma_uart.o(.rodata.imageFileTable) for imageFileTable
    dma_uart.o(.ARM.exidx.text.imageFileInfo) refers to dma_uart.o(.text.imageFileInfo) for [Anonymous Symbol]
    dma_uart.o(.ARM.exidx.text.crc32_8bit) refers to dma_uart.o(.text.crc32_8bit) for [Anonymous Symbol]
    dma_uart.o(.rodata.imageFileTable) refers to dma_uart.o(.rodata.imageFileData) for [Anonymous Symbol]
    startup_tm4c123_1.o(RESET) refers to startup_tm4c123_1.o(STACK) for __initial_sp
    startup_tm4c123_1.o(RESET) refers to startup_tm4c123_1.o(.text) for Reset_Handler
    startup_tm4c123_1.o(.text) refers to system_tm4c123.o(.text.SystemInit) for SystemInit
    startup_tm4c123_1.o(.text) refers to entry.o(.ARM.Collect$$$$00000000) for __main
    system_tm4c123.o(.text.SystemCoreClockUpdate) refers to system_tm4c123.o(.text.getOscClk) for getOscClk
    system_tm4c123.o(.text.SystemCoreClockUpdate) refers to system_tm4c123.o(.data.SystemCoreClock) for SystemCoreClock
    system_tm4c123.o(.ARM.exidx.text.SystemCoreClockUpdate) refers to system_tm4c123.o(.text.SystemCoreClockUpdate) for [Anonymous Symbol]
    system_tm4c123.o(.ARM.exidx.text.getOscClk) refers to system_tm4c123.o(.text.getOscClk) for [Anonymous Symbol]
    system_tm4c123.o(.ARM.exidx.text.SystemInit) refers to system_tm4c123.o(.text.SystemInit) for [Anonymous Symbol]
    entry.o(.ARM.Collect$$$$00000000) refers (Special) to entry10a.o(.ARM.Collect$$$$0000000D) for __rt_final_cpp
    entry.o(.ARM.Collect$$$$00000000) refers (Special) to entry11a.o(.ARM.Collect$$$$0000000F) for __rt_final_exit
    entry.o(.ARM.Collect$$$$00000000) refers (Special) to entry7b.o(.ARM.Collect$$$$00000008) for _main_clock
    entry.o(.ARM.Collect$$$$00000000) refers (Special) to entry8b.o(.ARM.Collect$$$$0000000A) for _main_cpp_init
    entry.o(.ARM.Collect$$$$00000000) refers (Special) to entry9a.o(.ARM.Collect$$$$0000000B) for _main_init
    entry.o(.ARM.Collect$$$$00000000) refers (Special) to entry5.o(.ARM.Collect$$$$00000004) for _main_scatterload
    entry.o(.ARM.Collect$$$$00000000) refers (Special) to entry2.o(.ARM.Collect$$$$00000001) for _main_stk
    entry2.o(.ARM.Collect$$$$00000001) refers to entry2.o(.ARM.Collect$$$$00002712) for __lit__00000000
    entry2.o(.ARM.Collect$$$$00002712) refers to startup_tm4c123_1.o(STACK) for __initial_sp
    entry2.o(__vectab_stack_and_reset_area) refers to startup_tm4c123_1.o(STACK) for __initial_sp
    entry2.o(__vectab_stack_and_reset_area) refers to entry.o(.ARM.Collect$$$$00000000) for __main
    entry5.o(.ARM.Collect$$$$00000004) refers to init.o(.text) for __scatterload
    entry9a.o(.ARM.Collect$$$$0000000B) refers to main.o(.text.main) for main
    entry9b.o(.ARM.Collect$$$$0000000C) refers to main.o(.text.main) for main
    init.o(.text) refers to entry5.o(.ARM.Collect$$$$00000004) for __main_after_scatterload


==============================================================================

Removing Unused input sections from the image.

    Removing main.o(.text), (0 bytes).
    Removing main.o(.ARM.exidx.text.UART0_Init), (8 bytes).
    Removing main.o(.ARM.exidx.text.DMA_Init), (8 bytes).
    Removing main.o(.ARM.exidx.text.Start_UART_DMA_Transfer), (8 bytes).
    Removing main.o(.ARM.exidx.text.main), (8 bytes).
    Removing main.o(.ARM.use_no_argv), (4 bytes).
    Removing dma_uart.o(.text), (0 bytes).
    Removing dma_uart.o(.text.imageFileInfo), (156 bytes).
    Removing dma_uart.o(.ARM.exidx.text.imageFileInfo), (8 bytes).
    Removing dma_uart.o(.text.crc32_8bit), (90 bytes).
    Removing dma_uart.o(.ARM.exidx.text.crc32_8bit), (8 bytes).
    Removing dma_uart.o(.rodata.imageLastModified), (4 bytes).
    Removing dma_uart.o(.rodata.imageFileTable), (16 bytes).
    Removing dma_uart.o(.rodata.imageFileData), (30394 bytes).
    Removing startup_tm4c123_1.o(HEAP), (0 bytes).
    Removing system_tm4c123.o(.text), (0 bytes).
    Removing system_tm4c123.o(.text.SystemCoreClockUpdate), (326 bytes).
    Removing system_tm4c123.o(.ARM.exidx.text.SystemCoreClockUpdate), (8 bytes).
    Removing system_tm4c123.o(.text.getOscClk), (360 bytes).
    Removing system_tm4c123.o(.ARM.exidx.text.getOscClk), (8 bytes).
    Removing system_tm4c123.o(.ARM.exidx.text.SystemInit), (8 bytes).
    Removing system_tm4c123.o(.data.SystemCoreClock), (4 bytes).

22 unused section(s) (total 31426 bytes) removed from the image.

==============================================================================

Image Symbol Table

    Local Symbols

    Symbol Name                              Value     Ov Type        Size  Object(Section)

    ../clib/microlib/init/entry.s            0x00000000   Number         0  entry.o ABSOLUTE
    ../clib/microlib/init/entry.s            0x00000000   Number         0  entry2.o ABSOLUTE
    ../clib/microlib/init/entry.s            0x00000000   Number         0  entry5.o ABSOLUTE
    ../clib/microlib/init/entry.s            0x00000000   Number         0  entry7a.o ABSOLUTE
    ../clib/microlib/init/entry.s            0x00000000   Number         0  entry7b.o ABSOLUTE
    ../clib/microlib/init/entry.s            0x00000000   Number         0  entry8a.o ABSOLUTE
    ../clib/microlib/init/entry.s            0x00000000   Number         0  entry8b.o ABSOLUTE
    ../clib/microlib/init/entry.s            0x00000000   Number         0  entry9a.o ABSOLUTE
    ../clib/microlib/init/entry.s            0x00000000   Number         0  entry9b.o ABSOLUTE
    ../clib/microlib/init/entry.s            0x00000000   Number         0  entry10a.o ABSOLUTE
    ../clib/microlib/init/entry.s            0x00000000   Number         0  entry10b.o ABSOLUTE
    ../clib/microlib/init/entry.s            0x00000000   Number         0  entry11a.o ABSOLUTE
    ../clib/microlib/init/entry.s            0x00000000   Number         0  entry11b.o ABSOLUTE
    DMA_UART                                 0x00000000   Number         0  dma_uart.o ABSOLUTE
    RTE/Device/TM4C123GH6PM/startup_TM4C123.s 0x00000000   Number         0  startup_tm4c123_1.o ABSOLUTE
    dc.s                                     0x00000000   Number         0  dc.o ABSOLUTE
    handlers.s                               0x00000000   Number         0  handlers.o ABSOLUTE
    init.s                                   0x00000000   Number         0  init.o ABSOLUTE
    main.c                                   0x00000000   Number         0  main.o ABSOLUTE
    system_TM4C123.c                         0x00000000   Number         0  system_tm4c123.o ABSOLUTE
    RESET                                    0x00000000   Section      620  startup_tm4c123_1.o(RESET)
    .ARM.Collect$$$$00000000                 0x0000026c   Section        0  entry.o(.ARM.Collect$$$$00000000)
    .ARM.Collect$$$$00000001                 0x0000026c   Section        4  entry2.o(.ARM.Collect$$$$00000001)
    .ARM.Collect$$$$00000004                 0x00000270   Section        4  entry5.o(.ARM.Collect$$$$00000004)
    .ARM.Collect$$$$00000008                 0x00000274   Section        0  entry7b.o(.ARM.Collect$$$$00000008)
    .ARM.Collect$$$$0000000A                 0x00000274   Section        0  entry8b.o(.ARM.Collect$$$$0000000A)
    .ARM.Collect$$$$0000000B                 0x00000274   Section        8  entry9a.o(.ARM.Collect$$$$0000000B)
    __lit__00000000                          0x0000027c   Data           4  entry2.o(.ARM.Collect$$$$00002712)
    .ARM.Collect$$$$0000000D                 0x0000027c   Section        0  entry10a.o(.ARM.Collect$$$$0000000D)
    .ARM.Collect$$$$0000000F                 0x0000027c   Section        0  entry11a.o(.ARM.Collect$$$$0000000F)
    .ARM.Collect$$$$00002712                 0x0000027c   Section        4  entry2.o(.ARM.Collect$$$$00002712)
    $v0                                      0x00000280   Number         0  startup_tm4c123_1.o(.text)
    .text                                    0x00000280   Section      252  startup_tm4c123_1.o(.text)
    .text                                    0x0000037c   Section       48  init.o(.text)
    [Anonymous Symbol]                       0x000003ac   Section        0  main.o(.text.DMA_Init)
    [Anonymous Symbol]                       0x00000440   Section        0  main.o(.text.Start_UART_DMA_Transfer)
    [Anonymous Symbol]                       0x00000454   Section        0  system_tm4c123.o(.text.SystemInit)
    [Anonymous Symbol]                       0x00000468   Section        0  main.o(.text.UART0_Init)
    [Anonymous Symbol]                       0x000004f8   Section        0  main.o(.text.main)
    i.__scatterload_copy                     0x00000510   Section       14  handlers.o(i.__scatterload_copy)
    i.__scatterload_null                     0x0000051e   Section        2  handlers.o(i.__scatterload_null)
    i.__scatterload_zeroinit                 0x00000520   Section       14  handlers.o(i.__scatterload_zeroinit)
    STACK                                    0x20000810   Section      512  startup_tm4c123_1.o(STACK)

    Global Symbols

    Symbol Name                              Value     Ov Type        Size  Object(Section)

    BuildAttributes$$THM_ISAv4$E$P$D$K$B$S$7EM$VFPi3$EXTD16$VFPS$VFMA$PE$A:L22UL41UL21$X:L11$S22US41US21$IEEE1$IW$~IW$USESV6$~STKCKD$USESV7$~SHL$OSPACE$EBA8$MICROLIB$REQ8$PRES8$EABIv2 0x00000000   Number         0  anon$$obj.o ABSOLUTE
    __Vectors                                0x00000000   Data           4  startup_tm4c123_1.o(RESET)
    __cpp_initialize__aeabi_                  - Undefined Weak Reference
    __cxa_finalize                            - Undefined Weak Reference
    __decompress                              - Undefined Weak Reference
    _clock_init                               - Undefined Weak Reference
    _microlib_exit                            - Undefined Weak Reference
    __Vectors_End                            0x0000026c   Data           0  startup_tm4c123_1.o(RESET)
    __Vectors_Size                           0x0000026c   Number         0  startup_tm4c123_1.o ABSOLUTE
    __main                                   0x0000026d   Thumb Code     0  entry.o(.ARM.Collect$$$$00000000)
    _main_stk                                0x0000026d   Thumb Code     0  entry2.o(.ARM.Collect$$$$00000001)
    _main_scatterload                        0x00000271   Thumb Code     0  entry5.o(.ARM.Collect$$$$00000004)
    __main_after_scatterload                 0x00000275   Thumb Code     0  entry5.o(.ARM.Collect$$$$00000004)
    _main_clock                              0x00000275   Thumb Code     0  entry7b.o(.ARM.Collect$$$$00000008)
    _main_cpp_init                           0x00000275   Thumb Code     0  entry8b.o(.ARM.Collect$$$$0000000A)
    _main_init                               0x00000275   Thumb Code     0  entry9a.o(.ARM.Collect$$$$0000000B)
    __rt_final_cpp                           0x0000027d   Thumb Code     0  entry10a.o(.ARM.Collect$$$$0000000D)
    __rt_final_exit                          0x0000027d   Thumb Code     0  entry11a.o(.ARM.Collect$$$$0000000F)
    Reset_Handler                            0x00000281   Thumb Code     8  startup_tm4c123_1.o(.text)
    NMI_Handler                              0x00000289   Thumb Code     2  startup_tm4c123_1.o(.text)
    HardFault_Handler                        0x0000028b   Thumb Code     2  startup_tm4c123_1.o(.text)
    MemManage_Handler                        0x0000028d   Thumb Code     2  startup_tm4c123_1.o(.text)
    BusFault_Handler                         0x0000028f   Thumb Code     2  startup_tm4c123_1.o(.text)
    UsageFault_Handler                       0x00000291   Thumb Code     2  startup_tm4c123_1.o(.text)
    SVC_Handler                              0x00000293   Thumb Code     2  startup_tm4c123_1.o(.text)
    DebugMon_Handler                         0x00000295   Thumb Code     2  startup_tm4c123_1.o(.text)
    PendSV_Handler                           0x00000297   Thumb Code     2  startup_tm4c123_1.o(.text)
    SysTick_Handler                          0x00000299   Thumb Code     2  startup_tm4c123_1.o(.text)
    GPIOA_Handler                            0x0000029b   Thumb Code     2  startup_tm4c123_1.o(.text)
    GPIOB_Handler                            0x0000029d   Thumb Code     2  startup_tm4c123_1.o(.text)
    GPIOC_Handler                            0x0000029f   Thumb Code     2  startup_tm4c123_1.o(.text)
    GPIOD_Handler                            0x000002a1   Thumb Code     2  startup_tm4c123_1.o(.text)
    GPIOE_Handler                            0x000002a3   Thumb Code     2  startup_tm4c123_1.o(.text)
    UART0_Handler                            0x000002a5   Thumb Code     2  startup_tm4c123_1.o(.text)
    UART1_Handler                            0x000002a7   Thumb Code     2  startup_tm4c123_1.o(.text)
    SSI0_Handler                             0x000002a9   Thumb Code     2  startup_tm4c123_1.o(.text)
    I2C0_Handler                             0x000002ab   Thumb Code     2  startup_tm4c123_1.o(.text)
    PMW0_FAULT_Handler                       0x000002ad   Thumb Code     2  startup_tm4c123_1.o(.text)
    PWM0_0_Handler                           0x000002af   Thumb Code     2  startup_tm4c123_1.o(.text)
    PWM0_1_Handler                           0x000002b1   Thumb Code     2  startup_tm4c123_1.o(.text)
    PWM0_2_Handler                           0x000002b3   Thumb Code     2  startup_tm4c123_1.o(.text)
    QEI0_Handler                             0x000002b5   Thumb Code     2  startup_tm4c123_1.o(.text)
    ADC0SS0_Handler                          0x000002b7   Thumb Code     2  startup_tm4c123_1.o(.text)
    ADC0SS1_Handler                          0x000002b9   Thumb Code     2  startup_tm4c123_1.o(.text)
    ADC0SS2_Handler                          0x000002bb   Thumb Code     2  startup_tm4c123_1.o(.text)
    ADC0SS3_Handler                          0x000002bd   Thumb Code     2  startup_tm4c123_1.o(.text)
    WDT0_Handler                             0x000002bf   Thumb Code     2  startup_tm4c123_1.o(.text)
    TIMER0A_Handler                          0x000002c1   Thumb Code     2  startup_tm4c123_1.o(.text)
    TIMER0B_Handler                          0x000002c3   Thumb Code     2  startup_tm4c123_1.o(.text)
    TIMER1A_Handler                          0x000002c5   Thumb Code     2  startup_tm4c123_1.o(.text)
    TIMER1B_Handler                          0x000002c7   Thumb Code     2  startup_tm4c123_1.o(.text)
    TIMER2A_Handler                          0x000002c9   Thumb Code     2  startup_tm4c123_1.o(.text)
    TIMER2B_Handler                          0x000002cb   Thumb Code     2  startup_tm4c123_1.o(.text)
    COMP0_Handler                            0x000002cd   Thumb Code     2  startup_tm4c123_1.o(.text)
    COMP1_Handler                            0x000002cf   Thumb Code     2  startup_tm4c123_1.o(.text)
    COMP2_Handler                            0x000002d1   Thumb Code     2  startup_tm4c123_1.o(.text)
    SYSCTL_Handler                           0x000002d3   Thumb Code     2  startup_tm4c123_1.o(.text)
    FLASH_Handler                            0x000002d5   Thumb Code     2  startup_tm4c123_1.o(.text)
    GPIOF_Handler                            0x000002d7   Thumb Code     2  startup_tm4c123_1.o(.text)
    GPIOG_Handler                            0x000002d9   Thumb Code     2  startup_tm4c123_1.o(.text)
    GPIOH_Handler                            0x000002db   Thumb Code     2  startup_tm4c123_1.o(.text)
    UART2_Handler                            0x000002dd   Thumb Code     2  startup_tm4c123_1.o(.text)
    SSI1_Handler                             0x000002df   Thumb Code     2  startup_tm4c123_1.o(.text)
    TIMER3A_Handler                          0x000002e1   Thumb Code     2  startup_tm4c123_1.o(.text)
    TIMER3B_Handler                          0x000002e3   Thumb Code     2  startup_tm4c123_1.o(.text)
    I2C1_Handler                             0x000002e5   Thumb Code     2  startup_tm4c123_1.o(.text)
    QEI1_Handler                             0x000002e7   Thumb Code     2  startup_tm4c123_1.o(.text)
    CAN0_Handler                             0x000002e9   Thumb Code     2  startup_tm4c123_1.o(.text)
    CAN1_Handler                             0x000002eb   Thumb Code     2  startup_tm4c123_1.o(.text)
    CAN2_Handler                             0x000002ed   Thumb Code     2  startup_tm4c123_1.o(.text)
    HIB_Handler                              0x000002ef   Thumb Code     2  startup_tm4c123_1.o(.text)
    USB0_Handler                             0x000002f1   Thumb Code     2  startup_tm4c123_1.o(.text)
    PWM0_3_Handler                           0x000002f3   Thumb Code     2  startup_tm4c123_1.o(.text)
    UDMA_Handler                             0x000002f5   Thumb Code     2  startup_tm4c123_1.o(.text)
    UDMAERR_Handler                          0x000002f7   Thumb Code     2  startup_tm4c123_1.o(.text)
    ADC1SS0_Handler                          0x000002f9   Thumb Code     2  startup_tm4c123_1.o(.text)
    ADC1SS1_Handler                          0x000002fb   Thumb Code     2  startup_tm4c123_1.o(.text)
    ADC1SS2_Handler                          0x000002fd   Thumb Code     2  startup_tm4c123_1.o(.text)
    ADC1SS3_Handler                          0x000002ff   Thumb Code     2  startup_tm4c123_1.o(.text)
    GPIOJ_Handler                            0x00000301   Thumb Code     2  startup_tm4c123_1.o(.text)
    GPIOK_Handler                            0x00000303   Thumb Code     2  startup_tm4c123_1.o(.text)
    GPIOL_Handler                            0x00000305   Thumb Code     2  startup_tm4c123_1.o(.text)
    SSI2_Handler                             0x00000307   Thumb Code     2  startup_tm4c123_1.o(.text)
    SSI3_Handler                             0x00000309   Thumb Code     2  startup_tm4c123_1.o(.text)
    UART3_Handler                            0x0000030b   Thumb Code     2  startup_tm4c123_1.o(.text)
    UART4_Handler                            0x0000030d   Thumb Code     2  startup_tm4c123_1.o(.text)
    UART5_Handler                            0x0000030f   Thumb Code     2  startup_tm4c123_1.o(.text)
    UART6_Handler                            0x00000311   Thumb Code     2  startup_tm4c123_1.o(.text)
    UART7_Handler                            0x00000313   Thumb Code     2  startup_tm4c123_1.o(.text)
    I2C2_Handler                             0x00000315   Thumb Code     2  startup_tm4c123_1.o(.text)
    I2C3_Handler                             0x00000317   Thumb Code     2  startup_tm4c123_1.o(.text)
    TIMER4A_Handler                          0x00000319   Thumb Code     2  startup_tm4c123_1.o(.text)
    TIMER4B_Handler                          0x0000031b   Thumb Code     2  startup_tm4c123_1.o(.text)
    TIMER5A_Handler                          0x0000031d   Thumb Code     2  startup_tm4c123_1.o(.text)
    TIMER5B_Handler                          0x0000031f   Thumb Code     2  startup_tm4c123_1.o(.text)
    WTIMER0A_Handler                         0x00000321   Thumb Code     2  startup_tm4c123_1.o(.text)
    WTIMER0B_Handler                         0x00000323   Thumb Code     2  startup_tm4c123_1.o(.text)
    WTIMER1A_Handler                         0x00000325   Thumb Code     2  startup_tm4c123_1.o(.text)
    WTIMER1B_Handler                         0x00000327   Thumb Code     2  startup_tm4c123_1.o(.text)
    WTIMER2A_Handler                         0x00000329   Thumb Code     2  startup_tm4c123_1.o(.text)
    WTIMER2B_Handler                         0x0000032b   Thumb Code     2  startup_tm4c123_1.o(.text)
    WTIMER3A_Handler                         0x0000032d   Thumb Code     2  startup_tm4c123_1.o(.text)
    WTIMER3B_Handler                         0x0000032f   Thumb Code     2  startup_tm4c123_1.o(.text)
    WTIMER4A_Handler                         0x00000331   Thumb Code     2  startup_tm4c123_1.o(.text)
    WTIMER4B_Handler                         0x00000333   Thumb Code     2  startup_tm4c123_1.o(.text)
    WTIMER5A_Handler                         0x00000335   Thumb Code     2  startup_tm4c123_1.o(.text)
    WTIMER5B_Handler                         0x00000337   Thumb Code     2  startup_tm4c123_1.o(.text)
    FPU_Handler                              0x00000339   Thumb Code     2  startup_tm4c123_1.o(.text)
    I2C4_Handler                             0x0000033b   Thumb Code     2  startup_tm4c123_1.o(.text)
    I2C5_Handler                             0x0000033d   Thumb Code     2  startup_tm4c123_1.o(.text)
    GPIOM_Handler                            0x0000033f   Thumb Code     2  startup_tm4c123_1.o(.text)
    GPION_Handler                            0x00000341   Thumb Code     2  startup_tm4c123_1.o(.text)
    QEI2_Handler                             0x00000343   Thumb Code     2  startup_tm4c123_1.o(.text)
    GPIOP0_Handler                           0x00000345   Thumb Code     2  startup_tm4c123_1.o(.text)
    GPIOP1_Handler                           0x00000347   Thumb Code     2  startup_tm4c123_1.o(.text)
    GPIOP2_Handler                           0x00000349   Thumb Code     2  startup_tm4c123_1.o(.text)
    GPIOP3_Handler                           0x0000034b   Thumb Code     2  startup_tm4c123_1.o(.text)
    GPIOP4_Handler                           0x0000034d   Thumb Code     2  startup_tm4c123_1.o(.text)
    GPIOP5_Handler                           0x0000034f   Thumb Code     2  startup_tm4c123_1.o(.text)
    GPIOP6_Handler                           0x00000351   Thumb Code     2  startup_tm4c123_1.o(.text)
    GPIOP7_Handler                           0x00000353   Thumb Code     2  startup_tm4c123_1.o(.text)
    GPIOQ0_Handler                           0x00000355   Thumb Code     2  startup_tm4c123_1.o(.text)
    GPIOQ1_Handler                           0x00000357   Thumb Code     2  startup_tm4c123_1.o(.text)
    GPIOQ2_Handler                           0x00000359   Thumb Code     2  startup_tm4c123_1.o(.text)
    GPIOQ3_Handler                           0x0000035b   Thumb Code     2  startup_tm4c123_1.o(.text)
    GPIOQ4_Handler                           0x0000035d   Thumb Code     2  startup_tm4c123_1.o(.text)
    GPIOQ5_Handler                           0x0000035f   Thumb Code     2  startup_tm4c123_1.o(.text)
    GPIOQ6_Handler                           0x00000361   Thumb Code     2  startup_tm4c123_1.o(.text)
    GPIOQ7_Handler                           0x00000363   Thumb Code     2  startup_tm4c123_1.o(.text)
    GPIOR_Handler                            0x00000365   Thumb Code     2  startup_tm4c123_1.o(.text)
    GPIOS_Handler                            0x00000367   Thumb Code     2  startup_tm4c123_1.o(.text)
    PMW1_0_Handler                           0x00000369   Thumb Code     2  startup_tm4c123_1.o(.text)
    PWM1_1_Handler                           0x0000036b   Thumb Code     2  startup_tm4c123_1.o(.text)
    PWM1_2_Handler                           0x0000036d   Thumb Code     2  startup_tm4c123_1.o(.text)
    PWM1_3_Handler                           0x0000036f   Thumb Code     2  startup_tm4c123_1.o(.text)
    PWM1_FAULT_Handler                       0x00000371   Thumb Code     2  startup_tm4c123_1.o(.text)
    __scatterload                            0x0000037d   Thumb Code    38  init.o(.text)
    __scatterload_rt2                        0x0000037d   Thumb Code     0  init.o(.text)
    DMA_Init                                 0x000003ad   Thumb Code   146  main.o(.text.DMA_Init)
    Start_UART_DMA_Transfer                  0x00000441   Thumb Code    18  main.o(.text.Start_UART_DMA_Transfer)
    SystemInit                               0x00000455   Thumb Code    18  system_tm4c123.o(.text.SystemInit)
    UART0_Init                               0x00000469   Thumb Code   144  main.o(.text.UART0_Init)
    main                                     0x000004f9   Thumb Code    24  main.o(.text.main)
    __scatterload_copy                       0x00000511   Thumb Code    14  handlers.o(i.__scatterload_copy)
    __scatterload_null                       0x0000051f   Thumb Code     2  handlers.o(i.__scatterload_null)
    __scatterload_zeroinit                   0x00000521   Thumb Code    14  handlers.o(i.__scatterload_zeroinit)
    Region$$Table$$Base                      0x00000530   Number         0  anon$$obj.o(Region$$Table)
    Region$$Table$$Limit                     0x00000550   Number         0  anon$$obj.o(Region$$Table)
    txBuffer                                 0x20000000   Data          16  main.o(.data.txBuffer)
    dmaTable                                 0x20000400   Data        1024  main.o(.bss.dmaTable)
    rxBuffer                                 0x20000800   Data          16  main.o(.bss.rxBuffer)
    __initial_sp                             0x20000a10   Data           0  startup_tm4c123_1.o(STACK)



==============================================================================

Memory Map of the image

  Image Entry point : 0x0000026d

  Load Region LR_IROM1 (Base: 0x00000000, Size: 0x00000c00, Max: 0x00040000, ABSOLUTE)

    Execution Region ER_IROM1 (Exec base: 0x00000000, Load base: 0x00000000, Size: 0x00000550, Max: 0x00040000, ABSOLUTE)

    Exec Addr    Load Addr    Size         Type   Attr      Idx    E Section Name        Object

    0x00000000   0x00000000   0x0000026c   Data   RO           36    RESET               startup_tm4c123_1.o
    0x0000026c   0x0000026c   0x00000000   Code   RO           57  * .ARM.Collect$$$$00000000  mc_w.l(entry.o)
    0x0000026c   0x0000026c   0x00000004   Code   RO           60    .ARM.Collect$$$$00000001  mc_w.l(entry2.o)
    0x00000270   0x00000270   0x00000004   Code   RO           63    .ARM.Collect$$$$00000004  mc_w.l(entry5.o)
    0x00000274   0x00000274   0x00000000   Code   RO           65    .ARM.Collect$$$$00000008  mc_w.l(entry7b.o)
    0x00000274   0x00000274   0x00000000   Code   RO           67    .ARM.Collect$$$$0000000A  mc_w.l(entry8b.o)
    0x00000274   0x00000274   0x00000008   Code   RO           68    .ARM.Collect$$$$0000000B  mc_w.l(entry9a.o)
    0x0000027c   0x0000027c   0x00000000   Code   RO           70    .ARM.Collect$$$$0000000D  mc_w.l(entry10a.o)
    0x0000027c   0x0000027c   0x00000000   Code   RO           72    .ARM.Collect$$$$0000000F  mc_w.l(entry11a.o)
    0x0000027c   0x0000027c   0x00000004   Code   RO           61    .ARM.Collect$$$$00002712  mc_w.l(entry2.o)
    0x00000280   0x00000280   0x000000fc   Code   RO           37    .text               startup_tm4c123_1.o
    0x0000037c   0x0000037c   0x00000030   Code   RO           74    .text               mc_w.l(init.o)
    0x000003ac   0x000003ac   0x00000092   Code   RO            4    .text.DMA_Init      main.o
    0x0000043e   0x0000043e   0x00000002   PAD
    0x00000440   0x00000440   0x00000012   Code   RO            6    .text.Start_UART_DMA_Transfer  main.o
    0x00000452   0x00000452   0x00000002   PAD
    0x00000454   0x00000454   0x00000012   Code   RO           48    .text.SystemInit    system_tm4c123.o
    0x00000466   0x00000466   0x00000002   PAD
    0x00000468   0x00000468   0x00000090   Code   RO            2    .text.UART0_Init    main.o
    0x000004f8   0x000004f8   0x00000018   Code   RO            8    .text.main          main.o
    0x00000510   0x00000510   0x0000000e   Code   RO           78    i.__scatterload_copy  mc_w.l(handlers.o)
    0x0000051e   0x0000051e   0x00000002   Code   RO           79    i.__scatterload_null  mc_w.l(handlers.o)
    0x00000520   0x00000520   0x0000000e   Code   RO           80    i.__scatterload_zeroinit  mc_w.l(handlers.o)
    0x0000052e   0x0000052e   0x00000002   PAD
    0x00000530   0x00000530   0x00000020   Data   RO           77    Region$$Table       anon$$obj.o


    Execution Region RW_IRAM1 (Exec base: 0x20000000, Load base: 0x00000800, Size: 0x00000a10, Max: 0x00008000, ABSOLUTE)

    Exec Addr    Load Addr    Size         Type   Attr      Idx    E Section Name        Object

    0x20000000   0x00000800   0x00000010   Data   RW           10    .data.txBuffer      main.o
    0x20000010   0x00000810   0x000003f0   PAD
    0x20000400        -       0x00000400   Zero   RW           11    .bss.dmaTable       main.o
    0x20000800        -       0x00000010   Zero   RW           12    .bss.rxBuffer       main.o
    0x20000810        -       0x00000200   Zero   RW           34    STACK               startup_tm4c123_1.o


==============================================================================

Image component sizes


      Code (inc. data)   RO Data    RW Data    ZI Data      Debug   Object Name

       332          0          0         16       1040       5626   main.o
       252         10        620          0        512       5448   startup_tm4c123_1.o
        18          0          0          0          0       6684   system_tm4c123.o

    ----------------------------------------------------------------------
       608         10        652         16       2560      17758   Object Totals
         0          0         32          0          0          0   (incl. Generated)
         6          0          0          0       1008          0   (incl. Padding)

    ----------------------------------------------------------------------

      Code (inc. data)   RO Data    RW Data    ZI Data      Debug   Library Member Name

         0          0          0          0          0          0   entry.o
         0          0          0          0          0          0   entry10a.o
         0          0          0          0          0          0   entry11a.o
         8          4          0          0          0          0   entry2.o
         4          0          0          0          0          0   entry5.o
         0          0          0          0          0          0   entry7b.o
         0          0          0          0          0          0   entry8b.o
         8          4          0          0          0          0   entry9a.o
        30          0          0          0          0          0   handlers.o
        48         10          0          0          0         68   init.o

    ----------------------------------------------------------------------
       100         18          0          0          0         68   Library Totals
         2          0          0          0          0          0   (incl. Padding)

    ----------------------------------------------------------------------

      Code (inc. data)   RO Data    RW Data    ZI Data      Debug   Library Name

        98         18          0          0          0         68   mc_w.l

    ----------------------------------------------------------------------
       100         18          0          0          0         68   Library Totals

    ----------------------------------------------------------------------

==============================================================================


      Code (inc. data)   RO Data    RW Data    ZI Data      Debug   

       708         28        652         16       2560      18010   Grand Totals
       708         28        652         16       2560      18010   ELF Image Totals
       708         28        652         16          0          0   ROM Totals

==============================================================================

    Total RO  Size (Code + RO Data)                 1360 (   1.33kB)
    Total RW  Size (RW Data + ZI Data)              2576 (   2.52kB)
    Total ROM Size (Code + RO Data + RW Data)       1376 (   1.34kB)

==============================================================================

